// Jest Snapshot v1, https://goo.gl/fbAQLP

exports[`renders correctly 1`] = `
<div
  className="pattern-book"
>
  <div
    className="pattern-book__example"
    onClick={[Function]}
  >
    <h1>
      test
    </h1>
  </div>
  <details
    className="pattern-book__html"
  >
    <summary>
      HTML
    </summary>
    <code
      dangerouslySetInnerHTML={
        Object {
          "__html": "<span class=\\"b-tag-start\\">&lt;</span><span class=\\"b-tag\\">h1</span><span class=\\"b-tag-end\\">&gt;</span><br/>
 &nbsp;<span class=\\"b-text\\">test</span><br/>
<span class=\\"b-tag-start\\">&lt;</span><span class=\\"b-tag-end\\">/</span><span class=\\"b-tag\\">h1</span><span class=\\"b-tag-end\\">&gt;</span><br/>
",
        }
      }
    />
  </details>
  <details
    className="pattern-book__css"
  >
    <summary>
      CSS
    </summary>
    <code>
      
    </code>
  </details>
</div>
`;
